name 'text' is not defined
